[   12036ms] [ERROR] Failed to load resource: net::ERR_FAILED @ chrome-extension://invalid/:0
[   17578ms] [WARNING] An iframe which has both allow-scripts and allow-same-origin for its sandbox attribute can escape its sandboxing. @ https://drive.google.com/auth_warmup:0
[   17899ms] [ERROR] Failed to load resource: net::ERR_FAILED @ chrome-extension://invalid/:0
[   17914ms] [ERROR] Failed to load resource: net::ERR_FAILED @ chrome-extension://invalid/:0
[   17921ms] [ERROR] Failed to load resource: net::ERR_FAILED @ chrome-extension://invalid/:0
[   17922ms] [ERROR] Failed to load resource: net::ERR_FAILED @ chrome-extension://invalid/:0
[   24986ms] [WARNING] Blocked aria-hidden on an element because its descendant retained focus. The focus must not be hidden from assistive technology users. Avoid using aria-hidden on a focused element or its ancestor. Consider using the inert attribute instead, which will also prevent focus. For more details, see the aria-hidden section of the WAI-ARIA specification at https://w3c.github.io/aria/#aria-hidden.
Element with focus: <tr.qwPkcb yjl6dc O5x1db Ss7qXc>
Ancestor with aria-hidden: <div#drive-main-page> @ https://drive.google.com/drive/folders/1dMmxDlVk2VgwZqTIYNO17qmpab6GdTiT:0
[   25339ms] [WARNING] An iframe which has both allow-scripts and allow-same-origin for its sandbox attribute can escape its sandboxing. @ https://drive.google.com/drivesharing/clientmodel?id=1b2mOOsAMTtsSr_GccLeTaBhW9vI0clxT&foreignService=explorer&authuser=0&origin=https%3A%2F%2Fdrive.google.com:0
[   25760ms] [ERROR] Failed to load resource: the server responded with a status of 429 () @ https://feedback-pa.clients6.google.com/v1/survey/trigger?key=AIzaSyD_InbmSFufIEps5UAt2NmB_3LvBH3Sz_8:0
[   27379ms] [WARNING] Blocked aria-hidden on an element because its descendant retained focus. The focus must not be hidden from assistive technology users. Avoid using aria-hidden on a focused element or its ancestor. Consider using the inert attribute instead, which will also prevent focus. For more details, see the aria-hidden section of the WAI-ARIA specification at https://w3c.github.io/aria/#aria-hidden.
Element with focus: <div.a-b-Vb>
Ancestor with aria-hidden: <div.YM5U3 dif24c vhoiae LgGVmb bvmRsc YLZndc XHt2ke a-b-uoC0bf a-b-L a-b-ja-el-db cwJVQd RnD1Af> @ https://drive.google.com/drive/folders/1dMmxDlVk2VgwZqTIYNO17qmpab6GdTiT:0
[   78197ms] [ERROR] Framing 'https://docs.google.com/' violates the following report-only Content Security Policy directive: "frame-ancestors 'self'". The violation has been logged, but no further action has been taken.
 @ :0
[   78197ms] [ERROR] Framing 'https://docs.google.com/' violates the following report-only Content Security Policy directive: "frame-ancestors 'self'". The violation has been logged, but no further action has been taken.
 @ :0
[ 2334469ms] [ERROR] Failed to load resource: net::ERR_INTERNET_DISCONNECTED @ https://ssl.gstatic.com/docs/common/cleardot.gif?zx=9le70sj8ehcp:0
[ 2334475ms] [ERROR] Failed to load resource: net::ERR_INTERNET_DISCONNECTED @ https://ssl.gstatic.com/docs/common/cleardot.gif?zx=ofikb3p1468:0
[ 2334475ms] [ERROR] Failed to load resource: net::ERR_INTERNET_DISCONNECTED @ https://ssl.gstatic.com/docs/common/cleardot.gif?zx=jyjwejlhzoeq:0
[ 2336277ms] [ERROR] Failed to load resource: net::ERR_INTERNET_DISCONNECTED @ https://play.google.com/log?format=json&hasfast=true&authuser=0:0
[ 2858528ms] [ERROR] Failed to load resource: net::ERR_INTERNET_DISCONNECTED @ https://play.google.com/log?format=json&hasfast=true&authuser=0:0
[ 2865630ms] [ERROR] Failed to load resource: net::ERR_QUIC_PROTOCOL_ERROR.QUIC_PACKET_WRITE_ERROR @ https://signaler-pa.clients6.google.com/punctual/multi-watch/channel?VER=8&gsessionid=TemFNGVNPSgaj85TRw7IDBNmgMQ_NwO7_WCSev452hQ&key=AIzaSyAWGrfCCr7albM3lmCc937gx4uIphbpeKQ&RID=rpc&SID=5aNVq2gBKrWQcmKobSnRyg&AID=0&CI=0&TYPE=xmlhttp&zx=xy945comxjt2&t=1:0
[ 2866243ms] [ERROR] Failed to load resource: net::ERR_NAME_NOT_RESOLVED @ https://play.google.com/log?format=json&hasfast=true:0
[ 2866432ms] [ERROR] Failed to load resource: the server responded with a status of 400 () @ https://signaler-pa.clients6.google.com/punctual/multi-watch/channel?VER=8&gsessionid=TemFNGVNPSgaj85TRw7IDBNmgMQ_NwO7_WCSev452hQ&key=AIzaSyAWGrfCCr7albM3lmCc937gx4uIphbpeKQ&RID=rpc&SID=5aNVq2gBKrWQcmKobSnRyg&AID=12&CI=0&TYPE=xmlhttp&zx=ihrn4ljvztbl&t=2:0
[ 2866436ms] [ERROR] Failed to load resource: net::ERR_NAME_NOT_RESOLVED @ https://play.google.com/log?format=json&hasfast=true&authuser=0:0
[ 2866559ms] [ERROR] Failed to load resource: net::ERR_NAME_NOT_RESOLVED @ https://play.google.com/log?format=json&hasfast=true&authuser=0:0
[ 2869703ms] [ERROR] Failed to load resource: net::ERR_NAME_NOT_RESOLVED @ https://play.google.com/log?format=json&hasfast=true&authuser=0:0
[ 2869705ms] [ERROR] Failed to load resource: net::ERR_NAME_NOT_RESOLVED @ https://play.google.com/log?format=json&hasfast=true&authuser=0:0
[ 3889051ms] [ERROR] Failed to load resource: net::ERR_QUIC_PROTOCOL_ERROR.QUIC_PUBLIC_RESET @ https://signaler-pa.clients6.google.com/punctual/multi-watch/channel?VER=8&gsessionid=OqAlLIDHIzWPXlB3A8lM0fjba8H8hlstV43tCz-Irw0&key=AIzaSyAWGrfCCr7albM3lmCc937gx4uIphbpeKQ&RID=rpc&SID=HKA1UuqUXEgMSf9Pk-qDDA&AID=0&CI=0&TYPE=xmlhttp&zx=mpdpil8j42g7&t=1:0
[ 3889993ms] [ERROR] Failed to load resource: the server responded with a status of 400 () @ https://signaler-pa.clients6.google.com/punctual/multi-watch/channel?VER=8&gsessionid=OqAlLIDHIzWPXlB3A8lM0fjba8H8hlstV43tCz-Irw0&key=AIzaSyAWGrfCCr7albM3lmCc937gx4uIphbpeKQ&RID=rpc&SID=HKA1UuqUXEgMSf9Pk-qDDA&AID=5&CI=0&TYPE=xmlhttp&zx=tnh0ozojcmo6&t=2:0
[ 6970885ms] [ERROR] Failed to load resource: net::ERR_QUIC_PROTOCOL_ERROR.QUIC_PUBLIC_RESET @ https://signaler-pa.clients6.google.com/punctual/multi-watch/channel?VER=8&gsessionid=srHLcn8zB2DjDevb81Wddpr5EsdsvFHN7dtfPenprZ0&key=AIzaSyAWGrfCCr7albM3lmCc937gx4uIphbpeKQ&RID=rpc&SID=YIgkxkrEhtyvJXUpBVaPTg&AID=0&CI=0&TYPE=xmlhttp&zx=nvszon87ha0d&t=1:0
[ 6971367ms] [ERROR] Failed to load resource: the server responded with a status of 400 () @ https://signaler-pa.clients6.google.com/punctual/multi-watch/channel?VER=8&gsessionid=srHLcn8zB2DjDevb81Wddpr5EsdsvFHN7dtfPenprZ0&key=AIzaSyAWGrfCCr7albM3lmCc937gx4uIphbpeKQ&RID=rpc&SID=YIgkxkrEhtyvJXUpBVaPTg&AID=4&CI=0&TYPE=xmlhttp&zx=905kld4idq6g&t=2:0
[ 8608927ms] [ERROR] Failed to load resource: net::ERR_QUIC_PROTOCOL_ERROR.QUIC_PUBLIC_RESET @ https://signaler-pa.clients6.google.com/punctual/multi-watch/channel?VER=8&gsessionid=TRVvZOADUd_VS6QgZJlxUPNb3tKyTXxhpA_yfgzee4I&key=AIzaSyAWGrfCCr7albM3lmCc937gx4uIphbpeKQ&RID=rpc&SID=UdkKBKq1LhwgVHLMg-uvQg&AID=0&CI=0&TYPE=xmlhttp&zx=sugz8tdqee7i&t=1:0
[ 8609403ms] [ERROR] Failed to load resource: the server responded with a status of 400 () @ https://signaler-pa.clients6.google.com/punctual/multi-watch/channel?VER=8&gsessionid=TRVvZOADUd_VS6QgZJlxUPNb3tKyTXxhpA_yfgzee4I&key=AIzaSyAWGrfCCr7albM3lmCc937gx4uIphbpeKQ&RID=rpc&SID=UdkKBKq1LhwgVHLMg-uvQg&AID=2&CI=0&TYPE=xmlhttp&zx=93j17v6j6io&t=2:0
[12273305ms] [ERROR] Failed to load resource: net::ERR_CONNECTION_RESET @ https://signaler-pa.clients6.google.com/punctual/multi-watch/channel?VER=8&gsessionid=C6A2iE8a8vcrvVuPEx52phQLoqoFLP86gkC94o3msWk&key=AIzaSyAWGrfCCr7albM3lmCc937gx4uIphbpeKQ&RID=rpc&SID=yKN9ulmP-mW6FpEPeT2RHA&AID=0&CI=0&TYPE=xmlhttp&zx=jitsjf8wmmfp&t=1:0
[12273911ms] [ERROR] Failed to load resource: the server responded with a status of 400 () @ https://signaler-pa.clients6.google.com/punctual/multi-watch/channel?VER=8&gsessionid=C6A2iE8a8vcrvVuPEx52phQLoqoFLP86gkC94o3msWk&key=AIzaSyAWGrfCCr7albM3lmCc937gx4uIphbpeKQ&RID=rpc&SID=yKN9ulmP-mW6FpEPeT2RHA&AID=3&CI=0&TYPE=xmlhttp&zx=ljcj5hffnqu1&t=2:0
[15937977ms] [ERROR] Failed to load resource: net::ERR_CONNECTION_RESET @ https://signaler-pa.clients6.google.com/punctual/multi-watch/channel?VER=8&gsessionid=bpr2NFYhk8YEgUX6XrqhqOL4J9xcH3pSEJD7eEbnDwo&key=AIzaSyAWGrfCCr7albM3lmCc937gx4uIphbpeKQ&RID=rpc&SID=UdjHoK-t8fn6UPXrnVfgzQ&AID=0&CI=0&TYPE=xmlhttp&zx=76xle7s9dmil&t=1:0
[15938573ms] [ERROR] Failed to load resource: the server responded with a status of 400 () @ https://signaler-pa.clients6.google.com/punctual/multi-watch/channel?VER=8&gsessionid=bpr2NFYhk8YEgUX6XrqhqOL4J9xcH3pSEJD7eEbnDwo&key=AIzaSyAWGrfCCr7albM3lmCc937gx4uIphbpeKQ&RID=rpc&SID=UdjHoK-t8fn6UPXrnVfgzQ&AID=5&CI=0&TYPE=xmlhttp&zx=q5vvnovzu7yw&t=2:0
[19594580ms] [ERROR] Failed to load resource: net::ERR_CONNECTION_RESET @ https://signaler-pa.clients6.google.com/punctual/multi-watch/channel?VER=8&gsessionid=xs09THjM1S-_YuYDtpVozZx2HTmDhpaJc_BL5ZMiqSk&key=AIzaSyAWGrfCCr7albM3lmCc937gx4uIphbpeKQ&RID=rpc&SID=j-pU9wZvtRXvvdK6tL5N8w&AID=0&CI=0&TYPE=xmlhttp&zx=inb3ey9n628m&t=1:0
[19594943ms] [ERROR] Failed to load resource: the server responded with a status of 400 () @ https://signaler-pa.clients6.google.com/punctual/multi-watch/channel?VER=8&gsessionid=xs09THjM1S-_YuYDtpVozZx2HTmDhpaJc_BL5ZMiqSk&key=AIzaSyAWGrfCCr7albM3lmCc937gx4uIphbpeKQ&RID=rpc&SID=j-pU9wZvtRXvvdK6tL5N8w&AID=5&CI=0&TYPE=xmlhttp&zx=tntd06553cf8&t=2:0
[23258480ms] [ERROR] Failed to load resource: net::ERR_CONNECTION_RESET @ https://signaler-pa.clients6.google.com/punctual/multi-watch/channel?VER=8&gsessionid=OF9bIiU6lBnKKVrTdA-SYRWT09Enxb6Fgq7coJbUqME&key=AIzaSyAWGrfCCr7albM3lmCc937gx4uIphbpeKQ&RID=rpc&SID=eRTp_jpHU0L-R7Ah4BzMZw&AID=0&CI=0&TYPE=xmlhttp&zx=qppi523nfi9&t=1:0
[23259065ms] [ERROR] Failed to load resource: the server responded with a status of 400 () @ https://signaler-pa.clients6.google.com/punctual/multi-watch/channel?VER=8&gsessionid=OF9bIiU6lBnKKVrTdA-SYRWT09Enxb6Fgq7coJbUqME&key=AIzaSyAWGrfCCr7albM3lmCc937gx4uIphbpeKQ&RID=rpc&SID=eRTp_jpHU0L-R7Ah4BzMZw&AID=5&CI=0&TYPE=xmlhttp&zx=v7qfwhl0yvwb&t=2:0
[26923003ms] [ERROR] Failed to load resource: net::ERR_CONNECTION_RESET @ https://signaler-pa.clients6.google.com/punctual/multi-watch/channel?VER=8&gsessionid=GI894Kh7dDBVwL5jeKWp0f99hgwIQTvijUawBUX3YsE&key=AIzaSyAWGrfCCr7albM3lmCc937gx4uIphbpeKQ&RID=rpc&SID=O7CMlddPQFW1WtL00BX_Tw&AID=0&CI=0&TYPE=xmlhttp&zx=von8o77n7yix&t=1:0
[26923543ms] [ERROR] Failed to load resource: the server responded with a status of 400 () @ https://signaler-pa.clients6.google.com/punctual/multi-watch/channel?VER=8&gsessionid=GI894Kh7dDBVwL5jeKWp0f99hgwIQTvijUawBUX3YsE&key=AIzaSyAWGrfCCr7albM3lmCc937gx4uIphbpeKQ&RID=rpc&SID=O7CMlddPQFW1WtL00BX_Tw&AID=5&CI=0&TYPE=xmlhttp&zx=2ur8bbaetrkn&t=2:0
[28998344ms] [ERROR] Failed to load resource: net::ERR_QUIC_PROTOCOL_ERROR.QUIC_PUBLIC_RESET @ https://signaler-pa.clients6.google.com/punctual/multi-watch/channel?VER=8&gsessionid=61GT32VcHOGjKVMObzt2FvM7rZ-jz4cWaUO-ldbpRNo&key=AIzaSyAWGrfCCr7albM3lmCc937gx4uIphbpeKQ&RID=rpc&SID=t1z4bPQsVswjJsbNNiH9PQ&AID=0&CI=0&TYPE=xmlhttp&zx=bjf5c7agwo81&t=1:0
[28998773ms] [ERROR] Failed to load resource: the server responded with a status of 400 () @ https://signaler-pa.clients6.google.com/punctual/multi-watch/channel?VER=8&gsessionid=61GT32VcHOGjKVMObzt2FvM7rZ-jz4cWaUO-ldbpRNo&key=AIzaSyAWGrfCCr7albM3lmCc937gx4uIphbpeKQ&RID=rpc&SID=t1z4bPQsVswjJsbNNiH9PQ&AID=5&CI=0&TYPE=xmlhttp&zx=c1qzzkv5b7ae&t=2:0
[29543492ms] [ERROR] Failed to load resource: net::ERR_QUIC_PROTOCOL_ERROR.QUIC_PUBLIC_RESET @ https://signaler-pa.clients6.google.com/punctual/multi-watch/channel?VER=8&gsessionid=tRXKlJSIa8l33gZfXuE_Bn3ILzIUESaPBKAWyB-LBVU&key=AIzaSyAWGrfCCr7albM3lmCc937gx4uIphbpeKQ&RID=rpc&SID=xk-NDxQ3UPx4d2IsDhvZ4A&AID=0&CI=0&TYPE=xmlhttp&zx=cd953mtids0e&t=1:0
[29543907ms] [ERROR] Failed to load resource: the server responded with a status of 400 () @ https://signaler-pa.clients6.google.com/punctual/multi-watch/channel?VER=8&gsessionid=tRXKlJSIa8l33gZfXuE_Bn3ILzIUESaPBKAWyB-LBVU&key=AIzaSyAWGrfCCr7albM3lmCc937gx4uIphbpeKQ&RID=rpc&SID=xk-NDxQ3UPx4d2IsDhvZ4A&AID=2&CI=0&TYPE=xmlhttp&zx=ok57baywmx7d&t=2:0
[30569248ms] [ERROR] Failed to load resource: net::ERR_QUIC_PROTOCOL_ERROR.QUIC_PUBLIC_RESET @ https://signaler-pa.clients6.google.com/punctual/multi-watch/channel?VER=8&gsessionid=d7yAGeqVWbe6nmXA5f36wnGXPElU3KqPa_OGrB4q-j4&key=AIzaSyAWGrfCCr7albM3lmCc937gx4uIphbpeKQ&RID=rpc&SID=6wFdWNG-lyMggjQ0yLI4qA&AID=0&CI=0&TYPE=xmlhttp&zx=hc85ppb8twyn&t=1:0
[30569801ms] [ERROR] Failed to load resource: the server responded with a status of 400 () @ https://signaler-pa.clients6.google.com/punctual/multi-watch/channel?VER=8&gsessionid=d7yAGeqVWbe6nmXA5f36wnGXPElU3KqPa_OGrB4q-j4&key=AIzaSyAWGrfCCr7albM3lmCc937gx4uIphbpeKQ&RID=rpc&SID=6wFdWNG-lyMggjQ0yLI4qA&AID=3&CI=0&TYPE=xmlhttp&zx=kskvdd5nf6d3&t=2:0
[33551037ms] [ERROR] Failed to load resource: net::ERR_QUIC_PROTOCOL_ERROR.QUIC_PUBLIC_RESET @ https://signaler-pa.clients6.google.com/punctual/multi-watch/channel?VER=8&gsessionid=oXlHWFiMTJaS51H6WRGxt-CjeW6mkxbaj0fh4sTi5Xw&key=AIzaSyAWGrfCCr7albM3lmCc937gx4uIphbpeKQ&RID=rpc&SID=iPC3s3NvCAKLFZ1Oo7AEdw&AID=0&CI=0&TYPE=xmlhttp&zx=1fjqwvk6jzjx&t=1:0
[33551977ms] [ERROR] Failed to load resource: the server responded with a status of 400 () @ https://signaler-pa.clients6.google.com/punctual/multi-watch/channel?VER=8&gsessionid=oXlHWFiMTJaS51H6WRGxt-CjeW6mkxbaj0fh4sTi5Xw&key=AIzaSyAWGrfCCr7albM3lmCc937gx4uIphbpeKQ&RID=rpc&SID=iPC3s3NvCAKLFZ1Oo7AEdw&AID=5&CI=0&TYPE=xmlhttp&zx=ureyejmf8hkj&t=2:0
[37492895ms] [ERROR] Failed to load resource: net::ERR_CONNECTION_RESET @ https://signaler-pa.clients6.google.com/punctual/multi-watch/channel?VER=8&gsessionid=oVW1SSsQx188WWlFcGyQoDVtTl8k3p1LHp8ZGAF8dCU&key=AIzaSyAWGrfCCr7albM3lmCc937gx4uIphbpeKQ&RID=rpc&SID=rdJx5ORfdzA21bnxugzBpQ&AID=0&CI=0&TYPE=xmlhttp&zx=a7e5n0x57nr3&t=1:0
[37493736ms] [ERROR] Failed to load resource: the server responded with a status of 400 () @ https://signaler-pa.clients6.google.com/punctual/multi-watch/channel?VER=8&gsessionid=oVW1SSsQx188WWlFcGyQoDVtTl8k3p1LHp8ZGAF8dCU&key=AIzaSyAWGrfCCr7albM3lmCc937gx4uIphbpeKQ&RID=rpc&SID=rdJx5ORfdzA21bnxugzBpQ&AID=2&CI=0&TYPE=xmlhttp&zx=dvm897p0uibh&t=2:0
[38399708ms] [ERROR] Failed to load resource: net::ERR_CONNECTION_RESET @ https://signaler-pa.clients6.google.com/punctual/multi-watch/channel?VER=8&gsessionid=36XrqelxtVd2svAlWMRyfKJgzHBWu5ZwlIe4kmFoGUY&key=AIzaSyAWGrfCCr7albM3lmCc937gx4uIphbpeKQ&RID=rpc&SID=47Emub5DS9uWfh6NtCVxqA&AID=0&CI=0&TYPE=xmlhttp&zx=2gpzhb8od71&t=1:0
[38400303ms] [ERROR] Failed to load resource: the server responded with a status of 400 () @ https://signaler-pa.clients6.google.com/punctual/multi-watch/channel?VER=8&gsessionid=36XrqelxtVd2svAlWMRyfKJgzHBWu5ZwlIe4kmFoGUY&key=AIzaSyAWGrfCCr7albM3lmCc937gx4uIphbpeKQ&RID=rpc&SID=47Emub5DS9uWfh6NtCVxqA&AID=2&CI=0&TYPE=xmlhttp&zx=ldnsxgfamoup&t=2:0
[44772270ms] [ERROR] Failed to load resource: the server responded with a status of 400 () @ https://signaler-pa.clients6.google.com/punctual/multi-watch/channel?VER=8&gsessionid=3RWYqedtrb1TscS7TjdkZjDAMSMXC23QZBNNqnmgpWs&key=AIzaSyAWGrfCCr7albM3lmCc937gx4uIphbpeKQ&RID=rpc&SID=mUrh6s1ro9AIol7IWXeoJg&AID=4&CI=0&TYPE=xmlhttp&zx=xy315m40y21y&t=2:0
[51695329ms] [ERROR] Failed to load resource: the server responded with a status of 400 () @ https://signaler-pa.clients6.google.com/punctual/multi-watch/channel?VER=8&gsessionid=HVXL7E5IFFFean6FQfE_-lV6Y64bYbVA_C0MdWuGQ98&key=AIzaSyAWGrfCCr7albM3lmCc937gx4uIphbpeKQ&RID=rpc&SID=9OWaAzkPC-jhZE3LCwP5SA&AID=5&CI=0&TYPE=xmlhttp&zx=4g5wmkd83md2&t=2:0
[52062326ms] [ERROR] Failed to load resource: net::ERR_CONNECTION_RESET @ https://signaler-pa.clients6.google.com/punctual/multi-watch/channel?VER=8&gsessionid=AZgg2vDxePmmRwPZU89Dh8-0vGM5lVj7QmyMhrXR_7c&key=AIzaSyAWGrfCCr7albM3lmCc937gx4uIphbpeKQ&RID=rpc&SID=uuARTELoQeCiEW3VN2HjKw&AID=0&CI=0&TYPE=xmlhttp&zx=ccxi50ab4lgz&t=1:0
[52063237ms] [ERROR] Failed to load resource: the server responded with a status of 400 () @ https://signaler-pa.clients6.google.com/punctual/multi-watch/channel?VER=8&gsessionid=AZgg2vDxePmmRwPZU89Dh8-0vGM5lVj7QmyMhrXR_7c&key=AIzaSyAWGrfCCr7albM3lmCc937gx4uIphbpeKQ&RID=rpc&SID=uuARTELoQeCiEW3VN2HjKw&AID=4&CI=0&TYPE=xmlhttp&zx=l15wsdfikr5p&t=2:0
[52440800ms] [ERROR] Failed to load resource: net::ERR_CONNECTION_RESET @ https://signaler-pa.clients6.google.com/punctual/multi-watch/channel?VER=8&gsessionid=r9CLDPAUe7vB1QCvXRSvhPjBqrHFqJXP0-2cVvMMQSQ&key=AIzaSyAWGrfCCr7albM3lmCc937gx4uIphbpeKQ&RID=rpc&SID=vkFnQgi3slVhy5PyAlpA8g&AID=0&CI=0&TYPE=xmlhttp&zx=dsp5at6tswl1&t=1:0
[52441270ms] [ERROR] Failed to load resource: the server responded with a status of 400 () @ https://signaler-pa.clients6.google.com/punctual/multi-watch/channel?VER=8&gsessionid=r9CLDPAUe7vB1QCvXRSvhPjBqrHFqJXP0-2cVvMMQSQ&key=AIzaSyAWGrfCCr7albM3lmCc937gx4uIphbpeKQ&RID=rpc&SID=vkFnQgi3slVhy5PyAlpA8g&AID=4&CI=0&TYPE=xmlhttp&zx=k6mq7h6pt2qx&t=2:0
[53052594ms] [ERROR] Failed to load resource: net::ERR_NETWORK_CHANGED @ https://signaler-pa.clients6.google.com/punctual/multi-watch/channel?VER=8&gsessionid=EdbmeNKqzOgnJy2Ni14wUkIyXaRvTB_-acDVvrM7Kjo&key=AIzaSyAWGrfCCr7albM3lmCc937gx4uIphbpeKQ&RID=rpc&SID=W3_sXMopBg7zzNMACGHBPQ&AID=0&CI=0&TYPE=xmlhttp&zx=ehthzdws5bgi&t=1:0
[53054102ms] [ERROR] Failed to load resource: net::ERR_INTERNET_DISCONNECTED @ https://signaler-pa.clients6.google.com/punctual/multi-watch/channel?VER=8&gsessionid=EdbmeNKqzOgnJy2Ni14wUkIyXaRvTB_-acDVvrM7Kjo&key=AIzaSyAWGrfCCr7albM3lmCc937gx4uIphbpeKQ&RID=rpc&SID=W3_sXMopBg7zzNMACGHBPQ&AID=8&CI=0&TYPE=xmlhttp&zx=y1is00qx9tm2&t=2:0
[53054104ms] [ERROR] Failed to load resource: net::ERR_INTERNET_DISCONNECTED @ https://ssl.gstatic.com/docs/common/cleardot.gif?zx=6zib0qoqhycy:0
[53054107ms] [ERROR] Failed to load resource: net::ERR_INTERNET_DISCONNECTED @ https://ssl.gstatic.com/docs/common/cleardot.gif?zx=n1m9ftopbrbh:0
[53054107ms] [ERROR] Failed to load resource: net::ERR_INTERNET_DISCONNECTED @ https://ssl.gstatic.com/docs/common/cleardot.gif?zx=vfa7eih48n59:0
[53055728ms] [ERROR] Failed to load resource: net::ERR_INTERNET_DISCONNECTED @ https://play.google.com/log?format=json&hasfast=true&authuser=0:0
[53057302ms] [ERROR] Failed to load resource: net::ERR_INTERNET_DISCONNECTED @ https://play.google.com/log?format=json&hasfast=true&authuser=0:0
[53064113ms] [ERROR] Failed to load resource: net::ERR_INTERNET_DISCONNECTED @ https://ssl.gstatic.com/docs/common/cleardot.gif?zx=96rjl1p05ary:0
[53064134ms] [ERROR] Failed to load resource: net::ERR_INTERNET_DISCONNECTED @ https://ssl.gstatic.com/docs/common/cleardot.gif?zx=c02oy9t9w00t:0
[53064134ms] [ERROR] Failed to load resource: net::ERR_INTERNET_DISCONNECTED @ https://ssl.gstatic.com/docs/common/cleardot.gif?zx=82txuhba2ifj:0
[53064323ms] [ERROR] Failed to load resource: net::ERR_INTERNET_DISCONNECTED @ https://play.google.com/log?format=json&hasfast=true:0
[53067279ms] [ERROR] Failed to load resource: net::ERR_INTERNET_DISCONNECTED @ https://signaler-pa.clients6.google.com/punctual/multi-watch/channel?VER=8&gsessionid=EdbmeNKqzOgnJy2Ni14wUkIyXaRvTB_-acDVvrM7Kjo&key=AIzaSyAWGrfCCr7albM3lmCc937gx4uIphbpeKQ&RID=rpc&SID=W3_sXMopBg7zzNMACGHBPQ&AID=8&CI=0&TYPE=xmlhttp&zx=r1h2vllmap4q&t=3:0
[53074135ms] [ERROR] Failed to load resource: net::ERR_INTERNET_DISCONNECTED @ https://ssl.gstatic.com/docs/common/cleardot.gif?zx=81zpm7ki3rx:0
[53074142ms] [ERROR] Failed to load resource: net::ERR_INTERNET_DISCONNECTED @ https://ssl.gstatic.com/docs/common/cleardot.gif?zx=bniuz5f4cb40:0
[53074144ms] [ERROR] Failed to load resource: net::ERR_INTERNET_DISCONNECTED @ https://ssl.gstatic.com/docs/common/cleardot.gif?zx=2cxysi7hbh27:0
[53082127ms] [ERROR] Failed to load resource: net::ERR_NAME_NOT_RESOLVED @ https://ssl.gstatic.com/docs/common/cleardot.gif?zx=2k8bguu4h7oi:0
[53082127ms] [ERROR] Failed to load resource: net::ERR_NAME_NOT_RESOLVED @ https://ssl.gstatic.com/docs/common/cleardot.gif?zx=iq3qzffdxsig:0
[53082146ms] [ERROR] Failed to load resource: net::ERR_NAME_NOT_RESOLVED @ https://ssl.gstatic.com/docs/common/cleardot.gif?zx=ix7iz1w5s5cu:0
[53084387ms] [ERROR] Failed to load resource: net::ERR_NAME_NOT_RESOLVED @ https://play.google.com/log?format=json&hasfast=true&authuser=0:0
[53085551ms] [ERROR] Failed to load resource: net::ERR_NAME_NOT_RESOLVED @ https://signaler-pa.clients6.google.com/punctual/multi-watch/channel?VER=8&gsessionid=EdbmeNKqzOgnJy2Ni14wUkIyXaRvTB_-acDVvrM7Kjo&key=AIzaSyAWGrfCCr7albM3lmCc937gx4uIphbpeKQ&RID=rpc&SID=W3_sXMopBg7zzNMACGHBPQ&AID=8&CI=0&TYPE=xmlhttp&zx=6indjagtis2i&t=4:0
[53085558ms] [ERROR] Failed to load resource: net::ERR_NAME_NOT_RESOLVED @ https://www.google.com/images/cleardot.gif?zx=d0qcpd1zr0n2:0
[53085564ms] [ERROR] Failed to load resource: net::ERR_NAME_NOT_RESOLVED @ https://signaler-pa.clients6.google.com/punctual/v1/chooseServer?key=AIzaSyAWGrfCCr7albM3lmCc937gx4uIphbpeKQ:0
[53085980ms] [ERROR] Failed to load resource: net::ERR_NAME_NOT_RESOLVED @ https://signaler-pa.clients6.google.com/punctual/v1/chooseServer?key=AIzaSyAWGrfCCr7albM3lmCc937gx4uIphbpeKQ:0
[53086989ms] [ERROR] Failed to load resource: net::ERR_NAME_NOT_RESOLVED @ https://signaler-pa.clients6.google.com/punctual/v1/chooseServer?key=AIzaSyAWGrfCCr7albM3lmCc937gx4uIphbpeKQ:0
[53088936ms] [ERROR] Failed to load resource: net::ERR_NAME_NOT_RESOLVED @ https://signaler-pa.clients6.google.com/punctual/v1/chooseServer?key=AIzaSyAWGrfCCr7albM3lmCc937gx4uIphbpeKQ:0
[53092138ms] [ERROR] Failed to load resource: net::ERR_NAME_NOT_RESOLVED @ https://ssl.gstatic.com/docs/common/cleardot.gif?zx=oyt3s0iwqyc3:0
[53092140ms] [ERROR] Failed to load resource: net::ERR_NAME_NOT_RESOLVED @ https://ssl.gstatic.com/docs/common/cleardot.gif?zx=zdxr4hcecpca:0
[53092168ms] [ERROR] Failed to load resource: net::ERR_NAME_NOT_RESOLVED @ https://ssl.gstatic.com/docs/common/cleardot.gif?zx=7gx8p41qcy6q:0
[53092761ms] [ERROR] Failed to load resource: net::ERR_NAME_NOT_RESOLVED @ https://signaler-pa.clients6.google.com/punctual/v1/chooseServer?key=AIzaSyAWGrfCCr7albM3lmCc937gx4uIphbpeKQ:0
[53100094ms] [ERROR] Failed to load resource: net::ERR_NAME_NOT_RESOLVED @ https://signaler-pa.clients6.google.com/punctual/v1/chooseServer?key=AIzaSyAWGrfCCr7albM3lmCc937gx4uIphbpeKQ:0
[53102192ms] [ERROR] Failed to load resource: net::ERR_NAME_NOT_RESOLVED @ https://ssl.gstatic.com/docs/common/cleardot.gif?zx=p5ga0gka5aep:0
[53102194ms] [ERROR] Failed to load resource: net::ERR_NAME_NOT_RESOLVED @ https://ssl.gstatic.com/docs/common/cleardot.gif?zx=wthx60kox7x4:0
[53102222ms] [ERROR] Failed to load resource: net::ERR_NAME_NOT_RESOLVED @ https://ssl.gstatic.com/docs/common/cleardot.gif?zx=33sleegvlx3:0
[53112198ms] [ERROR] Failed to load resource: net::ERR_NAME_NOT_RESOLVED @ https://ssl.gstatic.com/docs/common/cleardot.gif?zx=hmfqk4ljz4dc:0
[53112199ms] [ERROR] Failed to load resource: net::ERR_NAME_NOT_RESOLVED @ https://ssl.gstatic.com/docs/common/cleardot.gif?zx=jsbcl0vyxjgf:0
[53112233ms] [ERROR] Failed to load resource: net::ERR_NAME_NOT_RESOLVED @ https://ssl.gstatic.com/docs/common/cleardot.gif?zx=tdqm0c9p2a4x:0
[53114413ms] [ERROR] Failed to load resource: net::ERR_NAME_NOT_RESOLVED @ https://signaler-pa.clients6.google.com/punctual/v1/chooseServer?key=AIzaSyAWGrfCCr7albM3lmCc937gx4uIphbpeKQ:0
[53122207ms] [ERROR] Failed to load resource: net::ERR_NAME_NOT_RESOLVED @ https://ssl.gstatic.com/docs/common/cleardot.gif?zx=nw2yl62wesmp:0
[53122210ms] [ERROR] Failed to load resource: net::ERR_NAME_NOT_RESOLVED @ https://ssl.gstatic.com/docs/common/cleardot.gif?zx=2cr4vmh0yid3:0
[53122243ms] [ERROR] Failed to load resource: net::ERR_NAME_NOT_RESOLVED @ https://ssl.gstatic.com/docs/common/cleardot.gif?zx=2f1nnerjfqre:0
[53180793ms] [ERROR] Failed to load resource: net::ERR_INTERNET_DISCONNECTED @ https://ssl.gstatic.com/docs/common/cleardot.gif?zx=k79iyo2gtm5n:0
[53180799ms] [ERROR] Failed to load resource: net::ERR_INTERNET_DISCONNECTED @ https://ssl.gstatic.com/docs/common/cleardot.gif?zx=l9fvkmufl8oi:0
[53180799ms] [ERROR] Failed to load resource: net::ERR_INTERNET_DISCONNECTED @ https://ssl.gstatic.com/docs/common/cleardot.gif?zx=btmk68d97aku:0
[53180800ms] [ERROR] Failed to load resource: net::ERR_INTERNET_DISCONNECTED @ https://ssl.gstatic.com/docs/common/cleardot.gif?zx=jq83qx2fyy3w:0
[53180800ms] [ERROR] Failed to load resource: net::ERR_INTERNET_DISCONNECTED @ https://ssl.gstatic.com/docs/common/cleardot.gif?zx=o5sgd2arlfz8:0
[53180801ms] [ERROR] Failed to load resource: net::ERR_INTERNET_DISCONNECTED @ https://ssl.gstatic.com/docs/common/cleardot.gif?zx=xp639ooilk7:0
[53180801ms] [ERROR] Failed to load resource: net::ERR_INTERNET_DISCONNECTED @ https://ssl.gstatic.com/docs/common/cleardot.gif?zx=esg0yb786dlg:0
[53180801ms] [ERROR] Failed to load resource: net::ERR_INTERNET_DISCONNECTED @ https://ssl.gstatic.com/docs/common/cleardot.gif?zx=twy5k9jnmtdi:0
[53180801ms] [ERROR] Failed to load resource: net::ERR_INTERNET_DISCONNECTED @ https://ssl.gstatic.com/docs/common/cleardot.gif?zx=ackucbih685z:0
[53180801ms] [ERROR] Failed to load resource: net::ERR_INTERNET_DISCONNECTED @ https://ssl.gstatic.com/docs/common/cleardot.gif?zx=t4ph6s1mipqv:0
[53180802ms] [ERROR] Failed to load resource: net::ERR_INTERNET_DISCONNECTED @ https://ssl.gstatic.com/docs/common/cleardot.gif?zx=sr2hkee2sqrw:0
[53180805ms] [ERROR] Failed to load resource: net::ERR_INTERNET_DISCONNECTED @ https://ssl.gstatic.com/docs/common/cleardot.gif?zx=wbiflu75rnan:0
[53180806ms] [ERROR] Failed to load resource: net::ERR_INTERNET_DISCONNECTED @ https://signaler-pa.clients6.google.com/punctual/v1/chooseServer?key=AIzaSyAWGrfCCr7albM3lmCc937gx4uIphbpeKQ:0
[53190815ms] [ERROR] Failed to load resource: net::ERR_INTERNET_DISCONNECTED @ https://ssl.gstatic.com/docs/common/cleardot.gif?zx=kb1kydu7n6j:0
[53190815ms] [ERROR] Failed to load resource: net::ERR_INTERNET_DISCONNECTED @ https://ssl.gstatic.com/docs/common/cleardot.gif?zx=qirllgc21ysv:0
[53190820ms] [ERROR] Failed to load resource: net::ERR_INTERNET_DISCONNECTED @ https://ssl.gstatic.com/docs/common/cleardot.gif?zx=ddo8ml404xtl:0
[53200832ms] [ERROR] Failed to load resource: net::ERR_INTERNET_DISCONNECTED @ https://ssl.gstatic.com/docs/common/cleardot.gif?zx=j7et55go3f6o:0
[53200836ms] [ERROR] Failed to load resource: net::ERR_INTERNET_DISCONNECTED @ https://ssl.gstatic.com/docs/common/cleardot.gif?zx=mjj3009pyz0w:0
[53200836ms] [ERROR] Failed to load resource: net::ERR_INTERNET_DISCONNECTED @ https://ssl.gstatic.com/docs/common/cleardot.gif?zx=5lmafssvs3me:0
[53210838ms] [ERROR] Failed to load resource: net::ERR_INTERNET_DISCONNECTED @ https://ssl.gstatic.com/docs/common/cleardot.gif?zx=br1co8gyegup:0
[53210843ms] [ERROR] Failed to load resource: net::ERR_INTERNET_DISCONNECTED @ https://ssl.gstatic.com/docs/common/cleardot.gif?zx=ooejivjrx27f:0
[53210844ms] [ERROR] Failed to load resource: net::ERR_INTERNET_DISCONNECTED @ https://ssl.gstatic.com/docs/common/cleardot.gif?zx=hd6k5ez9ytb:0
[53229559ms] [ERROR] Failed to load resource: net::ERR_INTERNET_DISCONNECTED @ https://ssl.gstatic.com/docs/common/cleardot.gif?zx=7g54c1oi2muv:0
[53229559ms] [ERROR] Failed to load resource: net::ERR_INTERNET_DISCONNECTED @ https://ssl.gstatic.com/docs/common/cleardot.gif?zx=pnnh3xhgxnyh:0
[53229564ms] [ERROR] Failed to load resource: net::ERR_INTERNET_DISCONNECTED @ https://ssl.gstatic.com/docs/common/cleardot.gif?zx=uu5ow1f92bg1:0
[53239566ms] [ERROR] Failed to load resource: net::ERR_INTERNET_DISCONNECTED @ https://ssl.gstatic.com/docs/common/cleardot.gif?zx=66ugavpqn9wg:0
[53239571ms] [ERROR] Failed to load resource: net::ERR_INTERNET_DISCONNECTED @ https://ssl.gstatic.com/docs/common/cleardot.gif?zx=6uqj40ohjqtn:0
[53239571ms] [ERROR] Failed to load resource: net::ERR_INTERNET_DISCONNECTED @ https://ssl.gstatic.com/docs/common/cleardot.gif?zx=bf5qofydyef6:0
[53241683ms] [ERROR] Failed to load resource: net::ERR_INTERNET_DISCONNECTED @ https://signaler-pa.clients6.google.com/punctual/v1/chooseServer?key=AIzaSyAWGrfCCr7albM3lmCc937gx4uIphbpeKQ:0
[53249576ms] [ERROR] Failed to load resource: net::ERR_INTERNET_DISCONNECTED @ https://ssl.gstatic.com/docs/common/cleardot.gif?zx=w1lgofr44vcl:0
[53249579ms] [ERROR] Failed to load resource: net::ERR_INTERNET_DISCONNECTED @ https://ssl.gstatic.com/docs/common/cleardot.gif?zx=ygso48ek0mt2:0
[53249579ms] [ERROR] Failed to load resource: net::ERR_INTERNET_DISCONNECTED @ https://ssl.gstatic.com/docs/common/cleardot.gif?zx=pyehjhgg74v:0
[53259593ms] [ERROR] Failed to load resource: net::ERR_INTERNET_DISCONNECTED @ https://ssl.gstatic.com/docs/common/cleardot.gif?zx=gumpsnhl05hz:0
[53259593ms] [ERROR] Failed to load resource: net::ERR_INTERNET_DISCONNECTED @ https://ssl.gstatic.com/docs/common/cleardot.gif?zx=25hu6q6yr5dq:0
[53259598ms] [ERROR] Failed to load resource: net::ERR_INTERNET_DISCONNECTED @ https://ssl.gstatic.com/docs/common/cleardot.gif?zx=w1vo94hm0ove:0
[53269605ms] [ERROR] Failed to load resource: net::ERR_INTERNET_DISCONNECTED @ https://ssl.gstatic.com/docs/common/cleardot.gif?zx=krw2w2jzxs8w:0
[53269610ms] [ERROR] Failed to load resource: net::ERR_INTERNET_DISCONNECTED @ https://ssl.gstatic.com/docs/common/cleardot.gif?zx=wzan4psbm8em:0
[53269610ms] [ERROR] Failed to load resource: net::ERR_INTERNET_DISCONNECTED @ https://ssl.gstatic.com/docs/common/cleardot.gif?zx=8903tnotj8z9:0
[55221849ms] [ERROR] Failed to load resource: net::ERR_INTERNET_DISCONNECTED @ https://ssl.gstatic.com/docs/common/cleardot.gif?zx=tbvuonu8rzpc:0
[55221853ms] [ERROR] Failed to load resource: net::ERR_INTERNET_DISCONNECTED @ https://ssl.gstatic.com/docs/common/cleardot.gif?zx=ow3xys4qj497:0
[55221853ms] [ERROR] Failed to load resource: net::ERR_INTERNET_DISCONNECTED @ https://ssl.gstatic.com/docs/common/cleardot.gif?zx=nmvvykkwqkoz:0
[55689627ms] [ERROR] Failed to load resource: net::ERR_INTERNET_DISCONNECTED @ https://ssl.gstatic.com/docs/common/cleardot.gif?zx=8q3xazfofgor:0
[55689633ms] [ERROR] Failed to load resource: net::ERR_INTERNET_DISCONNECTED @ https://ssl.gstatic.com/docs/common/cleardot.gif?zx=qsgh3qhqleme:0
[55689633ms] [ERROR] Failed to load resource: net::ERR_INTERNET_DISCONNECTED @ https://ssl.gstatic.com/docs/common/cleardot.gif?zx=o9evxvlv2f59:0
[55699639ms] [ERROR] Failed to load resource: net::ERR_INTERNET_DISCONNECTED @ https://ssl.gstatic.com/docs/common/cleardot.gif?zx=8uf3n6ndvham:0
[55699643ms] [ERROR] Failed to load resource: net::ERR_INTERNET_DISCONNECTED @ https://ssl.gstatic.com/docs/common/cleardot.gif?zx=1gk3xtcoor7x:0
[55699647ms] [ERROR] Failed to load resource: net::ERR_INTERNET_DISCONNECTED @ https://ssl.gstatic.com/docs/common/cleardot.gif?zx=vyb8mbw1turq:0
[55703785ms] [ERROR] Failed to load resource: net::ERR_INTERNET_DISCONNECTED @ https://waa-pa.clients6.google.com/$rpc/google.internal.waa.v1.Waa/Ping:0
[55703785ms] [ERROR] Failed to load resource: net::ERR_INTERNET_DISCONNECTED @ https://play.google.com/log?hasfast=true&auth=SAPISIDHASH+f98c84e2235731b2226854762690ed2e6df52a39+SAPISID1PHASH+f98c84e2235731b2226854762690ed2e6df52a39+SAPISID3PHASH+f98c84e2235731b2226854762690ed2e6df52a39&authuser=0&format=json:0
[55703787ms] [ERROR] Failed to load resource: net::ERR_INTERNET_DISCONNECTED @ https://play.google.com/log?format=json&hasfast=true&authuser=0:0
[55704804ms] [ERROR] Failed to load resource: net::ERR_INTERNET_DISCONNECTED @ https://waa-pa.googleapis.com/$rpc/google.internal.waa.v1.Waa/Ping:0
[55709650ms] [ERROR] Failed to load resource: net::ERR_INTERNET_DISCONNECTED @ https://ssl.gstatic.com/docs/common/cleardot.gif?zx=6gtqyjnlvyxa:0
[55709653ms] [ERROR] Failed to load resource: net::ERR_INTERNET_DISCONNECTED @ https://ssl.gstatic.com/docs/common/cleardot.gif?zx=ya2gizik24nr:0
[55709655ms] [ERROR] Failed to load resource: net::ERR_INTERNET_DISCONNECTED @ https://ssl.gstatic.com/docs/common/cleardot.gif?zx=a0n8nrn3187k:0
[55719664ms] [ERROR] Failed to load resource: net::ERR_INTERNET_DISCONNECTED @ https://ssl.gstatic.com/docs/common/cleardot.gif?zx=hg8j2e4aegbk:0
[55719670ms] [ERROR] Failed to load resource: net::ERR_INTERNET_DISCONNECTED @ https://ssl.gstatic.com/docs/common/cleardot.gif?zx=71644m3djwh:0
[55719670ms] [ERROR] Failed to load resource: net::ERR_INTERNET_DISCONNECTED @ https://ssl.gstatic.com/docs/common/cleardot.gif?zx=lm3n6lq8o8w5:0
[56735745ms] [ERROR] Failed to load resource: net::ERR_INTERNET_DISCONNECTED @ https://ssl.gstatic.com/docs/common/cleardot.gif?zx=vigrsfx4nbd:0
[56735750ms] [ERROR] Failed to load resource: net::ERR_INTERNET_DISCONNECTED @ https://ssl.gstatic.com/docs/common/cleardot.gif?zx=ezza6m7xguk9:0
[56735751ms] [ERROR] Failed to load resource: net::ERR_INTERNET_DISCONNECTED @ https://ssl.gstatic.com/docs/common/cleardot.gif?zx=uchh0q2o0fg8:0
[57346143ms] [ERROR] Failed to load resource: net::ERR_INTERNET_DISCONNECTED @ https://ssl.gstatic.com/docs/common/cleardot.gif?zx=x4trzwd72brn:0
[57346144ms] [ERROR] Failed to load resource: net::ERR_INTERNET_DISCONNECTED @ https://ssl.gstatic.com/docs/common/cleardot.gif?zx=f6ebdmvy2h67:0
[57346147ms] [ERROR] Failed to load resource: net::ERR_INTERNET_DISCONNECTED @ https://ssl.gstatic.com/docs/common/cleardot.gif?zx=8nwvai619y2l:0
[57350661ms] [ERROR] Failed to load resource: net::ERR_NAME_NOT_RESOLVED @ https://ssl.gstatic.com/docs/common/cleardot.gif?zx=6jt18rnsh3ey:0
[57350661ms] [ERROR] Failed to load resource: net::ERR_NAME_NOT_RESOLVED @ https://ssl.gstatic.com/docs/common/cleardot.gif?zx=gbwm1vphyygc:0
[57350679ms] [ERROR] Failed to load resource: net::ERR_NAME_NOT_RESOLVED @ https://ssl.gstatic.com/docs/common/cleardot.gif?zx=1egglovf4m44:0
[57360697ms] [ERROR] Failed to load resource: net::ERR_NAME_NOT_RESOLVED @ https://ssl.gstatic.com/docs/common/cleardot.gif?zx=7mlg68ms5coj:0
[57360700ms] [ERROR] Failed to load resource: net::ERR_NAME_NOT_RESOLVED @ https://ssl.gstatic.com/docs/common/cleardot.gif?zx=hgjgdvk1258g:0
[57360700ms] [ERROR] Failed to load resource: net::ERR_NAME_NOT_RESOLVED @ https://ssl.gstatic.com/docs/common/cleardot.gif?zx=qbark9ae1rdk:0
[57370709ms] [ERROR] Failed to load resource: net::ERR_NAME_NOT_RESOLVED @ https://ssl.gstatic.com/docs/common/cleardot.gif?zx=c5r1fblmpde1:0
[57370711ms] [ERROR] Failed to load resource: net::ERR_NAME_NOT_RESOLVED @ https://ssl.gstatic.com/docs/common/cleardot.gif?zx=k3v6xntbntcy:0
[57370711ms] [ERROR] Failed to load resource: net::ERR_NAME_NOT_RESOLVED @ https://ssl.gstatic.com/docs/common/cleardot.gif?zx=3sspzjywydma:0
[57381367ms] [ERROR] Failed to load resource: net::ERR_NAME_NOT_RESOLVED @ https://ssl.gstatic.com/docs/common/cleardot.gif?zx=8y579ub1jo0m:0
[57381368ms] [ERROR] Failed to load resource: net::ERR_NAME_NOT_RESOLVED @ https://ssl.gstatic.com/docs/common/cleardot.gif?zx=5lvjfuccgfzf:0
[57381368ms] [ERROR] Failed to load resource: net::ERR_NAME_NOT_RESOLVED @ https://ssl.gstatic.com/docs/common/cleardot.gif?zx=1d8py5w9woe8:0
[57391410ms] [ERROR] Failed to load resource: net::ERR_NAME_NOT_RESOLVED @ https://ssl.gstatic.com/docs/common/cleardot.gif?zx=1e8ojs8v3elq:0
[57391411ms] [ERROR] Failed to load resource: net::ERR_NAME_NOT_RESOLVED @ https://ssl.gstatic.com/docs/common/cleardot.gif?zx=smdbnfiiwh9m:0
[57391421ms] [ERROR] Failed to load resource: net::ERR_NAME_NOT_RESOLVED @ https://ssl.gstatic.com/docs/common/cleardot.gif?zx=idpmsbj8e3ph:0
[57401423ms] [ERROR] Failed to load resource: net::ERR_NAME_NOT_RESOLVED @ https://ssl.gstatic.com/docs/common/cleardot.gif?zx=uvloopm20izd:0
[57401432ms] [ERROR] Failed to load resource: net::ERR_NAME_NOT_RESOLVED @ https://ssl.gstatic.com/docs/common/cleardot.gif?zx=qc2c9q4k7eso:0
[57401436ms] [ERROR] Failed to load resource: net::ERR_NAME_NOT_RESOLVED @ https://ssl.gstatic.com/docs/common/cleardot.gif?zx=el0nokulllgm:0
[57411444ms] [ERROR] Failed to load resource: net::ERR_NAME_NOT_RESOLVED @ https://ssl.gstatic.com/docs/common/cleardot.gif?zx=9b5itgv9rhlf:0
[57411445ms] [ERROR] Failed to load resource: net::ERR_NAME_NOT_RESOLVED @ https://ssl.gstatic.com/docs/common/cleardot.gif?zx=ugekzepm55oe:0
[57411445ms] [ERROR] Failed to load resource: net::ERR_NAME_NOT_RESOLVED @ https://ssl.gstatic.com/docs/common/cleardot.gif?zx=z0vez04xslfj:0
