[    2761ms] [ERROR] Refused to get unsafe header "X-Sg-Cs" @ https://www.google.com/search?q=gm&oq=gm&gs_lcrp=EgZjaHJvbWUyBggAEEUYOTIGCAEQRRg8MgYIAhBFGDwyBggDEEUYPDIGCAQQRRg8MgYIBRBFGDzSAQgxNjk4ajBqN6gCALACAA&sourceid=chrome&ie=UTF-8:38
[    2761ms] [ERROR] Refused to get unsafe header "X-Sorry-Redirect" @ https://www.google.com/search?q=gm&oq=gm&gs_lcrp=EgZjaHJvbWUyBggAEEUYOTIGCAEQRRg8MgYIAhBFGDwyBggDEEUYPDIGCAQQRRg8MgYIBRBFGDzSAQgxNjk4ajBqN6gCALACAA&sourceid=chrome&ie=UTF-8:38
[    2924ms] [ERROR] Refused to get unsafe header "X-Sg-Cs" @ https://www.google.com/search?q=gm&oq=gm&gs_lcrp=EgZjaHJvbWUyBggAEEUYOTIGCAEQRRg8MgYIAhBFGDwyBggDEEUYPDIGCAQQRRg8MgYIBRBFGDzSAQgxNjk4ajBqN6gCALACAA&sourceid=chrome&ie=UTF-8:38
[    2924ms] [ERROR] Refused to get unsafe header "X-Sorry-Redirect" @ https://www.google.com/search?q=gm&oq=gm&gs_lcrp=EgZjaHJvbWUyBggAEEUYOTIGCAEQRRg8MgYIAhBFGDwyBggDEEUYPDIGCAQQRRg8MgYIBRBFGDzSAQgxNjk4ajBqN6gCALACAA&sourceid=chrome&ie=UTF-8:38
[    3385ms] [WARNING] Failed to execute 'postMessage' on 'DOMWindow': The target origin provided ('https://www.youtube.com') does not match the recipient window's origin ('https://www.google.com'). @ https://www.youtube.com/s/player/ac678d18/www-widgetapi.vflset/www-widgetapi.js:162
[    3634ms] [WARNING] Failed to execute 'postMessage' on 'DOMWindow': The target origin provided ('https://www.youtube.com') does not match the recipient window's origin ('https://www.google.com'). @ https://www.youtube.com/s/player/ac678d18/www-widgetapi.vflset/www-widgetapi.js:162
[    3863ms] [ERROR] Refused to get unsafe header "X-Sg-Cs" @ https://www.google.com/search?q=gm&oq=gm&gs_lcrp=EgZjaHJvbWUyBggAEEUYOTIGCAEQRRg8MgYIAhBFGDwyBggDEEUYPDIGCAQQRRg8MgYIBRBFGDzSAQgxNjk4ajBqN6gCALACAA&sourceid=chrome&ie=UTF-8:38
[    3863ms] [ERROR] Refused to get unsafe header "X-Sorry-Redirect" @ https://www.google.com/search?q=gm&oq=gm&gs_lcrp=EgZjaHJvbWUyBggAEEUYOTIGCAEQRRg8MgYIAhBFGDwyBggDEEUYPDIGCAQQRRg8MgYIBRBFGDzSAQgxNjk4ajBqN6gCALACAA&sourceid=chrome&ie=UTF-8:38
[    8531ms] [WARNING] Deprecated API for given entry type. @ https://mail.google.com/_/scs/mail-static/_/js/k=gmail.main.en.DXjalA26Tkg.es5.OL/am=wAIAAAAAIPGnAvD4f08fbAABAP_lwc_XB_5aF93_fxgCwYCHgKkeDaAH0GWtkJ7____d_FoA_N2Hz3A-fyQAIMDW0W358BCjqzQCAFwAAMCpm5xmAgAAAAAAAAAAAAAAAAAAAHxWNjIpMA/d=1/exm=b/ed=1/im=1/dg=0/br=1/wt=1/rs=AHGWq9ByHaLvS4eJmiVMkJ6dqvDEIcCLDw/cb=loaded_1/m=a?cb=b0222df0:3101
[    9594ms] [ERROR] Failed to load resource: the server responded with a status of 403 () @ https://mail.google.com/mail/u/0/?ui=2&ik=ebcacf76d5&jsver=DXjalA26Tkg.en.L.es5&cbl=gmail.pinto-server_20260616.10_p0&rid=mail%3Ai.fd27.1.0&view=up&act=oetsha&_reqid=165296&at&nsc=1&mb=0&rt=j:0
[ 1588898ms] [ERROR] Failed to load resource: net::ERR_INTERNET_DISCONNECTED @ https://ssl.gstatic.com/ui/v1/icons/mail/images/cleardot.gif?zx=rz120667ydvh:0
[ 2116239ms] [ERROR] Failed to load resource: net::ERR_NAME_NOT_RESOLVED @ https://play.google.com/log?format=json&hasfast=true&authuser=0:0
[ 2116756ms] [ERROR] Failed to load resource: net::ERR_NAME_NOT_RESOLVED @ https://play.google.com/log?format=json&hasfast=true&authuser=0:0
[ 2116758ms] [ERROR] Failed to load resource: net::ERR_NAME_NOT_RESOLVED @ https://play.google.com/log?hasfast=true&auth=SAPISIDHASH+8dc45f0121fd6bd2299fe5e800ac9d2429be3b03+SAPISID1PHASH+8dc45f0121fd6bd2299fe5e800ac9d2429be3b03+SAPISID3PHASH+8dc45f0121fd6bd2299fe5e800ac9d2429be3b03&authuser=0&format=json:0
[ 2119151ms] [ERROR] Failed to load resource: net::ERR_QUIC_PROTOCOL_ERROR.QUIC_PACKET_WRITE_ERROR @ https://signaler-pa.clients6.google.com/punctual/multi-watch/channel?VER=8&gsessionid=88vZZny_bMf_PtucbZoS1mRUOluFEJLZ0SWnSLVfc7s&key=AIzaSyCIMH2ks6VPAfRC2lqU_Snz1Lo76XGdnlc&RID=rpc&SID=rdxI-cL91wq1keaiKNtKfg&AID=27&CI=0&TYPE=xmlhttp&zx=iijqrki7oc3x&t=1:0
[ 2120086ms] [ERROR] Failed to load resource: the server responded with a status of 400 () @ https://signaler-pa.clients6.google.com/punctual/multi-watch/channel?VER=8&gsessionid=88vZZny_bMf_PtucbZoS1mRUOluFEJLZ0SWnSLVfc7s&key=AIzaSyCIMH2ks6VPAfRC2lqU_Snz1Lo76XGdnlc&RID=rpc&SID=rdxI-cL91wq1keaiKNtKfg&AID=32&CI=0&TYPE=xmlhttp&zx=swouu174gog9&t=2:0
[ 3143471ms] [ERROR] Failed to load resource: net::ERR_QUIC_PROTOCOL_ERROR.QUIC_PUBLIC_RESET @ https://signaler-pa.clients6.google.com/punctual/multi-watch/channel?VER=8&gsessionid=PRpj-iYT39T1X0d7gaew1_JesaqH-j-VjWsEtSHF3eY&key=AIzaSyCIMH2ks6VPAfRC2lqU_Snz1Lo76XGdnlc&RID=rpc&SID=Uy4fqP3HjBwYfHoD82fo9Q&AID=0&CI=0&TYPE=xmlhttp&zx=gf13lkjevzy8&t=1:0
[ 3143956ms] [ERROR] Failed to load resource: the server responded with a status of 400 () @ https://signaler-pa.clients6.google.com/punctual/multi-watch/channel?VER=8&gsessionid=PRpj-iYT39T1X0d7gaew1_JesaqH-j-VjWsEtSHF3eY&key=AIzaSyCIMH2ks6VPAfRC2lqU_Snz1Lo76XGdnlc&RID=rpc&SID=Uy4fqP3HjBwYfHoD82fo9Q&AID=5&CI=0&TYPE=xmlhttp&zx=g2oxq4n8sf6w&t=2:0
[ 6225306ms] [ERROR] Failed to load resource: net::ERR_QUIC_PROTOCOL_ERROR.QUIC_PUBLIC_RESET @ https://signaler-pa.clients6.google.com/punctual/multi-watch/channel?VER=8&gsessionid=oYH8gRDRcXi5v2Ywp89p8sguSidhoniQKifgJCKnDMI&key=AIzaSyCIMH2ks6VPAfRC2lqU_Snz1Lo76XGdnlc&RID=rpc&SID=PRRpmV555FZKkkh5Xx6epQ&AID=0&CI=0&TYPE=xmlhttp&zx=w0wqcchqhvi9&t=1:0
[ 6225783ms] [ERROR] Failed to load resource: the server responded with a status of 400 () @ https://signaler-pa.clients6.google.com/punctual/multi-watch/channel?VER=8&gsessionid=oYH8gRDRcXi5v2Ywp89p8sguSidhoniQKifgJCKnDMI&key=AIzaSyCIMH2ks6VPAfRC2lqU_Snz1Lo76XGdnlc&RID=rpc&SID=PRRpmV555FZKkkh5Xx6epQ&AID=4&CI=0&TYPE=xmlhttp&zx=tbyftzutt21a&t=2:0
[11528307ms] [ERROR] Failed to load resource: the server responded with a status of 400 () @ https://signaler-pa.clients6.google.com/punctual/multi-watch/channel?VER=8&gsessionid=GTcznQMKJ1zZloMzwMvhjREaZ5TfqQUFab2MYZj_aS0&key=AIzaSyCIMH2ks6VPAfRC2lqU_Snz1Lo76XGdnlc&RID=rpc&SID=Hw1GarFt1I4m_sSxvITojg&AID=5&CI=0&TYPE=xmlhttp&zx=2q83hs5qpydo&t=2:0
[15192986ms] [ERROR] Failed to load resource: the server responded with a status of 400 () @ https://signaler-pa.clients6.google.com/punctual/multi-watch/channel?VER=8&gsessionid=OB3EkT9eyBOku1zqy5ntLqkWW3Wj7Y468Ub0aWkF-D0&key=AIzaSyCIMH2ks6VPAfRC2lqU_Snz1Lo76XGdnlc&RID=rpc&SID=ONOaFr5-ITf6CKcJO-R-kw&AID=5&CI=0&TYPE=xmlhttp&zx=3cx1vxrzm3of&t=2:0
[18849002ms] [ERROR] Failed to load resource: net::ERR_CONNECTION_RESET @ https://signaler-pa.clients6.google.com/punctual/multi-watch/channel?VER=8&gsessionid=AMSoWrGlsOcqQhLty1DBSOXDgIIPMR8hXrNSRAYbmcE&key=AIzaSyCIMH2ks6VPAfRC2lqU_Snz1Lo76XGdnlc&RID=rpc&SID=AM23gVixC7w2S70dClVocw&AID=0&CI=0&TYPE=xmlhttp&zx=oel082d0osil&t=1:0
[18849351ms] [ERROR] Failed to load resource: the server responded with a status of 400 () @ https://signaler-pa.clients6.google.com/punctual/multi-watch/channel?VER=8&gsessionid=AMSoWrGlsOcqQhLty1DBSOXDgIIPMR8hXrNSRAYbmcE&key=AIzaSyCIMH2ks6VPAfRC2lqU_Snz1Lo76XGdnlc&RID=rpc&SID=AM23gVixC7w2S70dClVocw&AID=5&CI=0&TYPE=xmlhttp&zx=ez4awiqn4588&t=2:0
[22513465ms] [ERROR] Failed to load resource: the server responded with a status of 400 () @ https://signaler-pa.clients6.google.com/punctual/multi-watch/channel?VER=8&gsessionid=KWvIwGhDfjUZRq0Ll4fnvwStZRkm_lcngc4s7h7Ci_w&key=AIzaSyCIMH2ks6VPAfRC2lqU_Snz1Lo76XGdnlc&RID=rpc&SID=DhRqOo6HB9o8gs-OV0eW1w&AID=5&CI=0&TYPE=xmlhttp&zx=ii5ab0wpnh6a&t=2:0
[26177966ms] [ERROR] Failed to load resource: the server responded with a status of 400 () @ https://signaler-pa.clients6.google.com/punctual/multi-watch/channel?VER=8&gsessionid=JjV9NAxIbSwzeiRoV3oxHF3dj_7XHsmI4tLOIBU2EkU&key=AIzaSyCIMH2ks6VPAfRC2lqU_Snz1Lo76XGdnlc&RID=rpc&SID=MZGegXFOFqQBdXcijcWt0g&AID=5&CI=0&TYPE=xmlhttp&zx=7fo6rfyked1y&t=2:0
[28252766ms] [ERROR] Failed to load resource: net::ERR_QUIC_PROTOCOL_ERROR.QUIC_PUBLIC_RESET @ https://signaler-pa.clients6.google.com/punctual/multi-watch/channel?VER=8&gsessionid=q6F9bVAb_d3JjuIhNZyHNr56xm8McxhcM414UXTYaLk&key=AIzaSyCIMH2ks6VPAfRC2lqU_Snz1Lo76XGdnlc&RID=rpc&SID=pgq-_18P8e8b8m48RcRMfQ&AID=0&CI=0&TYPE=xmlhttp&zx=tu0qpbr3djzc&t=1:0
[28253202ms] [ERROR] Failed to load resource: the server responded with a status of 400 () @ https://signaler-pa.clients6.google.com/punctual/multi-watch/channel?VER=8&gsessionid=q6F9bVAb_d3JjuIhNZyHNr56xm8McxhcM414UXTYaLk&key=AIzaSyCIMH2ks6VPAfRC2lqU_Snz1Lo76XGdnlc&RID=rpc&SID=pgq-_18P8e8b8m48RcRMfQ&AID=5&CI=0&TYPE=xmlhttp&zx=c13dp6tjrg60&t=2:0
[28797914ms] [ERROR] Failed to load resource: net::ERR_QUIC_PROTOCOL_ERROR.QUIC_PUBLIC_RESET @ https://signaler-pa.clients6.google.com/punctual/multi-watch/channel?VER=8&gsessionid=5hnstyAUnyatRu3DP1Xdc5Vh3ngyGiNFZrykzmlgE1I&key=AIzaSyCIMH2ks6VPAfRC2lqU_Snz1Lo76XGdnlc&RID=rpc&SID=kobjtgugIiWgCHiL9pZlIg&AID=0&CI=0&TYPE=xmlhttp&zx=xgt10frxvz1s&t=1:0
[28798387ms] [ERROR] Failed to load resource: the server responded with a status of 400 () @ https://signaler-pa.clients6.google.com/punctual/multi-watch/channel?VER=8&gsessionid=5hnstyAUnyatRu3DP1Xdc5Vh3ngyGiNFZrykzmlgE1I&key=AIzaSyCIMH2ks6VPAfRC2lqU_Snz1Lo76XGdnlc&RID=rpc&SID=kobjtgugIiWgCHiL9pZlIg&AID=4&CI=0&TYPE=xmlhttp&zx=u3rjy0d7armv&t=2:0
[29823670ms] [ERROR] Failed to load resource: net::ERR_QUIC_PROTOCOL_ERROR.QUIC_PUBLIC_RESET @ https://signaler-pa.clients6.google.com/punctual/multi-watch/channel?VER=8&gsessionid=kpaZ13B1i90EE94Ks5JlKWXhwyugOlutEuJWdeAOWpo&key=AIzaSyCIMH2ks6VPAfRC2lqU_Snz1Lo76XGdnlc&RID=rpc&SID=Lwb_5yaH86o9dU4hRo4fDQ&AID=0&CI=0&TYPE=xmlhttp&zx=zgtwb3q3l529&t=1:0
[29824207ms] [ERROR] Failed to load resource: the server responded with a status of 400 () @ https://signaler-pa.clients6.google.com/punctual/multi-watch/channel?VER=8&gsessionid=kpaZ13B1i90EE94Ks5JlKWXhwyugOlutEuJWdeAOWpo&key=AIzaSyCIMH2ks6VPAfRC2lqU_Snz1Lo76XGdnlc&RID=rpc&SID=Lwb_5yaH86o9dU4hRo4fDQ&AID=5&CI=0&TYPE=xmlhttp&zx=k780isdwp92e&t=2:0
[32805459ms] [ERROR] Failed to load resource: net::ERR_QUIC_PROTOCOL_ERROR.QUIC_PUBLIC_RESET @ https://signaler-pa.clients6.google.com/punctual/multi-watch/channel?VER=8&gsessionid=0EY7MB3A9_d7xjMZV2I7FY6rizZAEPfwoCX3P4kbeCc&key=AIzaSyCIMH2ks6VPAfRC2lqU_Snz1Lo76XGdnlc&RID=rpc&SID=Ucf8jSvjW28TQXgnlR_pJA&AID=0&CI=0&TYPE=xmlhttp&zx=ce83bmsi9v0u&t=1:0
[32805923ms] [ERROR] Failed to load resource: the server responded with a status of 400 () @ https://signaler-pa.clients6.google.com/punctual/multi-watch/channel?VER=8&gsessionid=0EY7MB3A9_d7xjMZV2I7FY6rizZAEPfwoCX3P4kbeCc&key=AIzaSyCIMH2ks6VPAfRC2lqU_Snz1Lo76XGdnlc&RID=rpc&SID=Ucf8jSvjW28TQXgnlR_pJA&AID=6&CI=0&TYPE=xmlhttp&zx=6n20zqgp6nh&t=2:0
[33813600ms] [ERROR] Failed to load resource: the server responded with a status of 400 () @ https://signaler-pa.clients6.google.com/punctual/multi-watch/channel?VER=8&gsessionid=VS_CJMi_RQCNK4Chklce64zNRPfUlKR3yXl_OVi2DEo&key=AIzaSyCIMH2ks6VPAfRC2lqU_Snz1Lo76XGdnlc&RID=rpc&SID=uS9yDHkk2uIimaED_W2MEA&AID=0&CI=1&TYPE=xmlhttp&zx=oitrhjl1po4t&t=1:0
[36747047ms] [ERROR] Failed to load resource: net::ERR_QUIC_PROTOCOL_ERROR.QUIC_PUBLIC_RESET @ https://signaler-pa.clients6.google.com/punctual/multi-watch/channel?VER=8&gsessionid=WDAovO-12JdoN94prtDTOMDhW7QqpVvqEdFHx_ycbhE&key=AIzaSyCIMH2ks6VPAfRC2lqU_Snz1Lo76XGdnlc&RID=rpc&SID=QDOPPG01s1KDtSf4Z61xYA&AID=0&CI=0&TYPE=xmlhttp&zx=hrv2e2ouxu17&t=1:0
[36747580ms] [ERROR] Failed to load resource: the server responded with a status of 400 () @ https://signaler-pa.clients6.google.com/punctual/multi-watch/channel?VER=8&gsessionid=WDAovO-12JdoN94prtDTOMDhW7QqpVvqEdFHx_ycbhE&key=AIzaSyCIMH2ks6VPAfRC2lqU_Snz1Lo76XGdnlc&RID=rpc&SID=QDOPPG01s1KDtSf4Z61xYA&AID=4&CI=0&TYPE=xmlhttp&zx=ahcqblsnv3uw&t=2:0
[37654734ms] [ERROR] Failed to load resource: the server responded with a status of 400 () @ https://signaler-pa.clients6.google.com/punctual/multi-watch/channel?VER=8&gsessionid=HhFxSAZqwM2c5r7wJP3ibRKVkeQ8fUbdnaHmYM-T8kw&key=AIzaSyCIMH2ks6VPAfRC2lqU_Snz1Lo76XGdnlc&RID=rpc&SID=wJeBlD0hmswuwMOBUHHI0Q&AID=0&CI=0&TYPE=xmlhttp&zx=cs6lql7uitba&t=1:0
[44026118ms] [ERROR] Failed to load resource: net::ERR_CONNECTION_RESET @ https://signaler-pa.clients6.google.com/punctual/multi-watch/channel?VER=8&gsessionid=5gWvEeVzs1GahrE8RJm-OQmKbRlLTVNOH5InyP71F44&key=AIzaSyCIMH2ks6VPAfRC2lqU_Snz1Lo76XGdnlc&RID=rpc&SID=oCKqZQ1i8UaFnVvDoxiX_g&AID=0&CI=0&TYPE=xmlhttp&zx=91bwa4cwgqva&t=1:0
[44026691ms] [ERROR] Failed to load resource: the server responded with a status of 400 () @ https://signaler-pa.clients6.google.com/punctual/multi-watch/channel?VER=8&gsessionid=5gWvEeVzs1GahrE8RJm-OQmKbRlLTVNOH5InyP71F44&key=AIzaSyCIMH2ks6VPAfRC2lqU_Snz1Lo76XGdnlc&RID=rpc&SID=oCKqZQ1i8UaFnVvDoxiX_g&AID=4&CI=0&TYPE=xmlhttp&zx=e1kajrddc4ux&t=2:0
[50949251ms] [ERROR] Failed to load resource: net::ERR_CONNECTION_RESET @ https://signaler-pa.clients6.google.com/punctual/multi-watch/channel?VER=8&gsessionid=MERunXaw7m_3MdfQohMVUxbp-0D_c5dEzYu_mYTsqKY&key=AIzaSyCIMH2ks6VPAfRC2lqU_Snz1Lo76XGdnlc&RID=rpc&SID=yzN1s1QjIaTiyz--imXwwg&AID=0&CI=0&TYPE=xmlhttp&zx=yy4fzdv12h0a&t=1:0
[50949730ms] [ERROR] Failed to load resource: the server responded with a status of 400 () @ https://signaler-pa.clients6.google.com/punctual/multi-watch/channel?VER=8&gsessionid=MERunXaw7m_3MdfQohMVUxbp-0D_c5dEzYu_mYTsqKY&key=AIzaSyCIMH2ks6VPAfRC2lqU_Snz1Lo76XGdnlc&RID=rpc&SID=yzN1s1QjIaTiyz--imXwwg&AID=5&CI=0&TYPE=xmlhttp&zx=l8xj8uv16mfx&t=2:0
[51317252ms] [ERROR] Failed to load resource: the server responded with a status of 400 () @ https://signaler-pa.clients6.google.com/punctual/multi-watch/channel?VER=8&gsessionid=gxuny8oWvND0vVATeSKuyvI-pLyZJPdwbpjkAyVc868&key=AIzaSyCIMH2ks6VPAfRC2lqU_Snz1Lo76XGdnlc&RID=rpc&SID=ntLieTnKqPL0bktBJ_V6vg&AID=4&CI=0&TYPE=xmlhttp&zx=px5dwsfcx2wc&t=2:0
[51695222ms] [ERROR] Failed to load resource: net::ERR_CONNECTION_RESET @ https://signaler-pa.clients6.google.com/punctual/multi-watch/channel?VER=8&gsessionid=3TN4PF5zFkfNkO3t7VYXThRa5SvrL47kk16B0CDp-oA&key=AIzaSyCIMH2ks6VPAfRC2lqU_Snz1Lo76XGdnlc&RID=rpc&SID=V3Efz5GVrkcNcXcoQgeX9w&AID=0&CI=0&TYPE=xmlhttp&zx=p3wolr5b0tqt&t=1:0
[51695572ms] [ERROR] Failed to load resource: the server responded with a status of 400 () @ https://signaler-pa.clients6.google.com/punctual/multi-watch/channel?VER=8&gsessionid=3TN4PF5zFkfNkO3t7VYXThRa5SvrL47kk16B0CDp-oA&key=AIzaSyCIMH2ks6VPAfRC2lqU_Snz1Lo76XGdnlc&RID=rpc&SID=V3Efz5GVrkcNcXcoQgeX9w&AID=4&CI=0&TYPE=xmlhttp&zx=dueuiwya2xx7&t=2:0
[52307016ms] [ERROR] Failed to load resource: net::ERR_NETWORK_CHANGED @ https://signaler-pa.clients6.google.com/punctual/multi-watch/channel?VER=8&gsessionid=biCdHsgxd4aFewJlJ0CeWeaMu8vzIF9dROe6Up9D9Us&key=AIzaSyCIMH2ks6VPAfRC2lqU_Snz1Lo76XGdnlc&RID=rpc&SID=-TFcpdJHaRVn3RAIYYX8nQ&AID=0&CI=0&TYPE=xmlhttp&zx=pfdmbglh8e06&t=1:0
[52308524ms] [ERROR] Failed to load resource: net::ERR_INTERNET_DISCONNECTED @ https://signaler-pa.clients6.google.com/punctual/multi-watch/channel?VER=8&gsessionid=biCdHsgxd4aFewJlJ0CeWeaMu8vzIF9dROe6Up9D9Us&key=AIzaSyCIMH2ks6VPAfRC2lqU_Snz1Lo76XGdnlc&RID=rpc&SID=-TFcpdJHaRVn3RAIYYX8nQ&AID=8&CI=0&TYPE=xmlhttp&zx=bbpak9v3pmm&t=2:0
[52308527ms] [ERROR] Failed to load resource: net::ERR_INTERNET_DISCONNECTED @ https://ssl.gstatic.com/ui/v1/icons/mail/images/cleardot.gif?zx=shgwnnyamxmj:0
[52314333ms] [ERROR] Failed to load resource: net::ERR_INTERNET_DISCONNECTED @ https://signaler-pa.clients6.google.com/punctual/multi-watch/channel?VER=8&gsessionid=biCdHsgxd4aFewJlJ0CeWeaMu8vzIF9dROe6Up9D9Us&key=AIzaSyCIMH2ks6VPAfRC2lqU_Snz1Lo76XGdnlc&RID=rpc&SID=-TFcpdJHaRVn3RAIYYX8nQ&AID=8&CI=0&TYPE=xmlhttp&zx=gvv36079eoef&t=3:0
[52318554ms] [ERROR] Failed to load resource: net::ERR_INTERNET_DISCONNECTED @ https://ssl.gstatic.com/ui/v1/icons/mail/images/cleardot.gif?zx=phz2dzr6qfkn:0
[52328562ms] [ERROR] Failed to load resource: net::ERR_INTERNET_DISCONNECTED @ https://ssl.gstatic.com/ui/v1/icons/mail/images/cleardot.gif?zx=7prls8sefcbf:0
[52336611ms] [ERROR] Failed to load resource: net::ERR_NAME_NOT_RESOLVED @ https://ssl.gstatic.com/ui/v1/icons/mail/images/cleardot.gif?zx=ovf472x0zelh:0
[52336876ms] [ERROR] Failed to load resource: net::ERR_NAME_NOT_RESOLVED @ https://signaler-pa.clients6.google.com/punctual/multi-watch/channel?VER=8&gsessionid=biCdHsgxd4aFewJlJ0CeWeaMu8vzIF9dROe6Up9D9Us&key=AIzaSyCIMH2ks6VPAfRC2lqU_Snz1Lo76XGdnlc&RID=rpc&SID=-TFcpdJHaRVn3RAIYYX8nQ&AID=8&CI=0&TYPE=xmlhttp&zx=7vp10ilr82j4&t=4:0
[52337011ms] [ERROR] Failed to load resource: net::ERR_NAME_NOT_RESOLVED @ https://www.google.com/images/cleardot.gif?zx=2w5hlor7g2y3:0
[52337029ms] [ERROR] Failed to load resource: net::ERR_NAME_NOT_RESOLVED @ https://signaler-pa.clients6.google.com/punctual/v1/chooseServer?key=AIzaSyCIMH2ks6VPAfRC2lqU_Snz1Lo76XGdnlc:0
[52337619ms] [ERROR] Failed to load resource: net::ERR_NAME_NOT_RESOLVED @ https://signaler-pa.clients6.google.com/punctual/v1/chooseServer?key=AIzaSyCIMH2ks6VPAfRC2lqU_Snz1Lo76XGdnlc:0
[52338800ms] [ERROR] Failed to load resource: net::ERR_NAME_NOT_RESOLVED @ https://signaler-pa.clients6.google.com/punctual/v1/chooseServer?key=AIzaSyCIMH2ks6VPAfRC2lqU_Snz1Lo76XGdnlc:0
[52340438ms] [ERROR] Failed to load resource: net::ERR_NAME_NOT_RESOLVED @ https://signaler-pa.clients6.google.com/punctual/v1/chooseServer?key=AIzaSyCIMH2ks6VPAfRC2lqU_Snz1Lo76XGdnlc:0
[52343912ms] [ERROR] Failed to load resource: net::ERR_NAME_NOT_RESOLVED @ https://signaler-pa.clients6.google.com/punctual/v1/chooseServer?key=AIzaSyCIMH2ks6VPAfRC2lqU_Snz1Lo76XGdnlc:0
[52346635ms] [ERROR] Failed to load resource: net::ERR_NAME_NOT_RESOLVED @ https://ssl.gstatic.com/ui/v1/icons/mail/images/cleardot.gif?zx=rp637nm47ah2:0
[52350822ms] [ERROR] Failed to load resource: net::ERR_NAME_NOT_RESOLVED @ https://signaler-pa.clients6.google.com/punctual/v1/chooseServer?key=AIzaSyCIMH2ks6VPAfRC2lqU_Snz1Lo76XGdnlc:0
[52351554ms] [ERROR] Failed to load resource: net::ERR_NAME_NOT_RESOLVED @ https://play.google.com/log?format=json&hasfast=true&authuser=0:0
[52356688ms] [ERROR] Failed to load resource: net::ERR_NAME_NOT_RESOLVED @ https://ssl.gstatic.com/ui/v1/icons/mail/images/cleardot.gif?zx=5q7xi274upud:0
[52365628ms] [ERROR] Failed to load resource: net::ERR_NAME_NOT_RESOLVED @ https://signaler-pa.clients6.google.com/punctual/v1/chooseServer?key=AIzaSyCIMH2ks6VPAfRC2lqU_Snz1Lo76XGdnlc:0
[52366697ms] [ERROR] Failed to load resource: net::ERR_NAME_NOT_RESOLVED @ https://ssl.gstatic.com/ui/v1/icons/mail/images/cleardot.gif?zx=e2vyg2uv49wa:0
[52368089ms] [ERROR] Failed to load resource: net::ERR_NAME_NOT_RESOLVED @ https://play.google.com/log?hasfast=true&auth=SAPISIDHASH+8dc45f0121fd6bd2299fe5e800ac9d2429be3b03+SAPISID1PHASH+8dc45f0121fd6bd2299fe5e800ac9d2429be3b03+SAPISID3PHASH+8dc45f0121fd6bd2299fe5e800ac9d2429be3b03&authuser=0&format=json:0
[52368124ms] [ERROR] Failed to load resource: net::ERR_NAME_NOT_RESOLVED @ https://play.google.com/log?hasfast=true&auth=SAPISIDHASH+8dc45f0121fd6bd2299fe5e800ac9d2429be3b03+SAPISID1PHASH+8dc45f0121fd6bd2299fe5e800ac9d2429be3b03+SAPISID3PHASH+8dc45f0121fd6bd2299fe5e800ac9d2429be3b03&authuser=0&format=json:0
[52368129ms] [ERROR] Failed to load resource: net::ERR_NAME_NOT_RESOLVED @ https://play.google.com/log?format=json&hasfast=true&authuser=0:0
[52376709ms] [ERROR] Failed to load resource: net::ERR_NAME_NOT_RESOLVED @ https://ssl.gstatic.com/ui/v1/icons/mail/images/cleardot.gif?zx=5a0g0zoux7jv:0
[52429955ms] [ERROR] Failed to load resource: net::ERR_INTERNET_DISCONNECTED @ https://waa-pa.clients6.google.com/$rpc/google.internal.waa.v1.Waa/Create:0
[52429956ms] [ERROR] Failed to load resource: net::ERR_INTERNET_DISCONNECTED @ https://waa-pa.clients6.google.com/$rpc/google.internal.waa.v1.Waa/Ping:0
[52430975ms] [ERROR] Failed to load resource: net::ERR_INTERNET_DISCONNECTED @ https://waa-pa.googleapis.com/$rpc/google.internal.waa.v1.Waa/Ping:0
[52435222ms] [ERROR] Failed to load resource: net::ERR_INTERNET_DISCONNECTED @ https://ssl.gstatic.com/ui/v1/icons/mail/images/cleardot.gif?zx=31u7j0lm5di7:0
[52435223ms] [ERROR] Failed to load resource: net::ERR_INTERNET_DISCONNECTED @ https://ssl.gstatic.com/ui/v1/icons/mail/images/cleardot.gif?zx=6aw8tkkaeye4:0
[52435223ms] [ERROR] Failed to load resource: net::ERR_INTERNET_DISCONNECTED @ https://ssl.gstatic.com/ui/v1/icons/mail/images/cleardot.gif?zx=m6nyrn4newn8:0
[52435226ms] [ERROR] Failed to load resource: net::ERR_INTERNET_DISCONNECTED @ https://ssl.gstatic.com/ui/v1/icons/mail/images/cleardot.gif?zx=vds27t9bhol0:0
[52435226ms] [ERROR] Failed to load resource: net::ERR_INTERNET_DISCONNECTED @ https://play.google.com/log?format=json&hasfast=true&authuser=0:0
[52435228ms] [ERROR] Failed to load resource: net::ERR_INTERNET_DISCONNECTED @ https://signaler-pa.clients6.google.com/punctual/v1/chooseServer?key=AIzaSyCIMH2ks6VPAfRC2lqU_Snz1Lo76XGdnlc:0
[52445234ms] [ERROR] Failed to load resource: net::ERR_INTERNET_DISCONNECTED @ https://ssl.gstatic.com/ui/v1/icons/mail/images/cleardot.gif?zx=kwc0qdsba0w0:0
[52455247ms] [ERROR] Failed to load resource: net::ERR_INTERNET_DISCONNECTED @ https://ssl.gstatic.com/ui/v1/icons/mail/images/cleardot.gif?zx=o2q279h2wt9a:0
[52459965ms] [ERROR] Failed to load resource: net::ERR_INTERNET_DISCONNECTED @ https://play.google.com/log?hasfast=true&auth=SAPISIDHASH+8dc45f0121fd6bd2299fe5e800ac9d2429be3b03+SAPISID1PHASH+8dc45f0121fd6bd2299fe5e800ac9d2429be3b03+SAPISID3PHASH+8dc45f0121fd6bd2299fe5e800ac9d2429be3b03&authuser=0&format=json:0
[52465258ms] [ERROR] Failed to load resource: net::ERR_INTERNET_DISCONNECTED @ https://ssl.gstatic.com/ui/v1/icons/mail/images/cleardot.gif?zx=w16gugweyxwf:0
[52483984ms] [ERROR] Failed to load resource: net::ERR_INTERNET_DISCONNECTED @ https://ssl.gstatic.com/ui/v1/icons/mail/images/cleardot.gif?zx=ylbax9uuv430:0
[52489618ms] [ERROR] Failed to load resource: net::ERR_INTERNET_DISCONNECTED @ https://waa-pa.clients6.google.com/$rpc/google.internal.waa.v1.Waa/Create:0
[52493992ms] [ERROR] Failed to load resource: net::ERR_INTERNET_DISCONNECTED @ https://ssl.gstatic.com/ui/v1/icons/mail/images/cleardot.gif?zx=jl9o3xdpmflf:0
[52501544ms] [ERROR] Failed to load resource: net::ERR_INTERNET_DISCONNECTED @ https://signaler-pa.clients6.google.com/punctual/v1/chooseServer?key=AIzaSyCIMH2ks6VPAfRC2lqU_Snz1Lo76XGdnlc:0
[52503999ms] [ERROR] Failed to load resource: net::ERR_INTERNET_DISCONNECTED @ https://ssl.gstatic.com/ui/v1/icons/mail/images/cleardot.gif?zx=m0bsois0brl0:0
[52514018ms] [ERROR] Failed to load resource: net::ERR_INTERNET_DISCONNECTED @ https://ssl.gstatic.com/ui/v1/icons/mail/images/cleardot.gif?zx=ibhc5rccri4u:0
[52519639ms] [ERROR] Failed to load resource: net::ERR_INTERNET_DISCONNECTED @ https://play.google.com/log?hasfast=true&auth=SAPISIDHASH+8dc45f0121fd6bd2299fe5e800ac9d2429be3b03+SAPISID1PHASH+8dc45f0121fd6bd2299fe5e800ac9d2429be3b03+SAPISID3PHASH+8dc45f0121fd6bd2299fe5e800ac9d2429be3b03&authuser=0&format=json:0
[52524032ms] [ERROR] Failed to load resource: net::ERR_INTERNET_DISCONNECTED @ https://ssl.gstatic.com/ui/v1/icons/mail/images/cleardot.gif?zx=4h123akyrks5:0
[54476274ms] [ERROR] Failed to load resource: net::ERR_INTERNET_DISCONNECTED @ https://ssl.gstatic.com/ui/v1/icons/mail/images/cleardot.gif?zx=99d7jjc60jcd:0
[54944046ms] [ERROR] Failed to load resource: net::ERR_INTERNET_DISCONNECTED @ https://ssl.gstatic.com/ui/v1/icons/mail/images/cleardot.gif?zx=uqr3hdmjmf3l:0
[54954069ms] [ERROR] Failed to load resource: net::ERR_INTERNET_DISCONNECTED @ https://ssl.gstatic.com/ui/v1/icons/mail/images/cleardot.gif?zx=xs0qtnh8an7k:0
[54959629ms] [ERROR] Failed to load resource: net::ERR_INTERNET_DISCONNECTED @ https://accounts.google.com/RotateCookies:0
[54964077ms] [ERROR] Failed to load resource: net::ERR_INTERNET_DISCONNECTED @ https://ssl.gstatic.com/ui/v1/icons/mail/images/cleardot.gif?zx=ea2dqdwt02kc:0
[54974084ms] [ERROR] Failed to load resource: net::ERR_INTERNET_DISCONNECTED @ https://ssl.gstatic.com/ui/v1/icons/mail/images/cleardot.gif?zx=lst0do9h8gi9:0
[54979935ms] [ERROR] Failed to load resource: net::ERR_INTERNET_DISCONNECTED @ https://addons-pa.clients6.google.com/$rpc/google.internal.apps.addons.v1.AddOnService/ListInstallations:0
[55990171ms] [ERROR] Failed to load resource: net::ERR_INTERNET_DISCONNECTED @ https://ssl.gstatic.com/ui/v1/icons/mail/images/cleardot.gif?zx=375qz4gnsz1q:0
[56596454ms] [ERROR] Failed to load resource: net::ERR_INTERNET_DISCONNECTED @ https://waa-pa.clients6.google.com/$rpc/google.internal.waa.v1.Waa/Create:0
[56600574ms] [ERROR] Failed to load resource: net::ERR_INTERNET_DISCONNECTED @ https://ssl.gstatic.com/ui/v1/icons/mail/images/cleardot.gif?zx=7d7re5e1spgg:0
[56605041ms] [ERROR] Failed to load resource: net::ERR_NAME_NOT_RESOLVED @ https://ssl.gstatic.com/ui/v1/icons/mail/images/cleardot.gif?zx=19ocqum70v6j:0
[56615068ms] [ERROR] Failed to load resource: net::ERR_NAME_NOT_RESOLVED @ https://ssl.gstatic.com/ui/v1/icons/mail/images/cleardot.gif?zx=lgcm3zbmym2i:0
[56625079ms] [ERROR] Failed to load resource: net::ERR_NAME_NOT_RESOLVED @ https://ssl.gstatic.com/ui/v1/icons/mail/images/cleardot.gif?zx=igv8uf9np51w:0
[56635830ms] [ERROR] Failed to load resource: net::ERR_NAME_NOT_RESOLVED @ https://ssl.gstatic.com/ui/v1/icons/mail/images/cleardot.gif?zx=j4zui056yp0m:0
[56645940ms] [ERROR] Failed to load resource: net::ERR_NAME_NOT_RESOLVED @ https://ssl.gstatic.com/ui/v1/icons/mail/images/cleardot.gif?zx=ilteddxqq5j4:0
[56655966ms] [ERROR] Failed to load resource: net::ERR_NAME_NOT_RESOLVED @ https://ssl.gstatic.com/ui/v1/icons/mail/images/cleardot.gif?zx=snz1uiwe9c1p:0
[56665976ms] [ERROR] Failed to load resource: net::ERR_NAME_NOT_RESOLVED @ https://ssl.gstatic.com/ui/v1/icons/mail/images/cleardot.gif?zx=i3n7rn79o31i:0
